main.c:90:6:Serial_Transmit_Str	8	static
main.c:95:6:Serial_Transmit_Int	8	static
main.c:100:6:Serial_Transmit_I	0	static
main.c:106:6:HAL_UART_RxCpltCallback	8	static
main.c:123:5:setClockPolarity	8	static
main.c:137:5:bitRead	0	static
main.c:144:5:bitSet	0	static
main.c:151:5:bitClear	0	static
main.c:158:6:refreshGauche	24	static
main.c:182:6:refreshCentre	16	static
main.c:207:6:refreshDroite	16	static
main.c:358:6:SystemClock_Config	232	static
main.c:240:5:main	96	static
main.c:550:6:_Error_Handler	0	static
