Archive member included to satisfy reference by file (symbol)

c:/program files (x86)/atollic/truestudio for stm32 9.0.0/armtools/bin/../lib/gcc/arm-atollic-eabi/6.3.1/../../../../arm-atollic-eabi/lib/armv7e-m/fpu\libc_nano.a(lib_a-init.o)
                              startup\startup_stm32l476xx.o (__libc_init_array)
c:/program files (x86)/atollic/truestudio for stm32 9.0.0/armtools/bin/../lib/gcc/arm-atollic-eabi/6.3.1/../../../../arm-atollic-eabi/lib/armv7e-m/fpu\libc_nano.a(lib_a-strlen.o)
                              Src\main.o (strlen)
c:/program files (x86)/atollic/truestudio for stm32 9.0.0/armtools/bin/../lib/gcc/arm-atollic-eabi/6.3.1/armv7e-m/fpu\libgcc.a(_aeabi_uldivmod.o)
                              Drivers\STM32L4xx_HAL_Driver\Src\stm32l4xx_hal_uart.o (__aeabi_uldivmod)
c:/program files (x86)/atollic/truestudio for stm32 9.0.0/armtools/bin/../lib/gcc/arm-atollic-eabi/6.3.1/armv7e-m/fpu\libgcc.a(_udivmoddi4.o)
                              c:/program files (x86)/atollic/truestudio for stm32 9.0.0/armtools/bin/../lib/gcc/arm-atollic-eabi/6.3.1/armv7e-m/fpu\libgcc.a(_aeabi_uldivmod.o) (__udivmoddi4)
c:/program files (x86)/atollic/truestudio for stm32 9.0.0/armtools/bin/../lib/gcc/arm-atollic-eabi/6.3.1/armv7e-m/fpu\libgcc.a(_dvmd_tls.o)
                              c:/program files (x86)/atollic/truestudio for stm32 9.0.0/armtools/bin/../lib/gcc/arm-atollic-eabi/6.3.1/armv7e-m/fpu\libgcc.a(_aeabi_uldivmod.o) (__aeabi_ldiv0)

Allocating common symbols
Common symbol       size              file

data_receive        0x4               Src\main.o
Rx_indx             0x1               Src\main.o
Rx_data             0x8               Src\main.o
uwTick              0x4               Drivers\STM32L4xx_HAL_Driver\Src\stm32l4xx_hal.o
pFlash              0x20              Drivers\STM32L4xx_HAL_Driver\Src\stm32l4xx_hal_flash.o
hspi3               0x64              Src\fcu_functions.o
inputByte           0xf               Src\main.o
buffer              0x64              Src\main.o
Rx_Buffer           0x64              Src\main.o
spidata             0x40              Src\main.o
dataSwitch          0x18              Src\main.o
huart2              0x78              Src\main.o

Discarded input sections

 .text          0x00000000        0x0 c:/program files (x86)/atollic/truestudio for stm32 9.0.0/armtools/bin/../lib/gcc/arm-atollic-eabi/6.3.1/armv7e-m/fpu/crti.o
 .data          0x00000000        0x0 c:/program files (x86)/atollic/truestudio for stm32 9.0.0/armtools/bin/../lib/gcc/arm-atollic-eabi/6.3.1/armv7e-m/fpu/crti.o
 .bss           0x00000000        0x0 c:/program files (x86)/atollic/truestudio for stm32 9.0.0/armtools/bin/../lib/gcc/arm-atollic-eabi/6.3.1/armv7e-m/fpu/crti.o
 .data          0x00000000        0x4 c:/program files (x86)/atollic/truestudio for stm32 9.0.0/armtools/bin/../lib/gcc/arm-atollic-eabi/6.3.1/armv7e-m/fpu/crtbegin.o
 .text          0x00000000        0x0 Drivers\STM32L4xx_HAL_Driver\Src\stm32l4xx_hal.o
 .data          0x00000000        0x0 Drivers\STM32L4xx_HAL_Driver\Src\stm32l4xx_hal.o
 .bss           0x00000000        0x0 Drivers\STM32L4xx_HAL_Driver\Src\stm32l4xx_hal.o
 .text.HAL_MspInit
                0x00000000        0x2 Drivers\STM32L4xx_HAL_Driver\Src\stm32l4xx_hal.o
 .text.HAL_MspDeInit
                0x00000000        0x2 Drivers\STM32L4xx_HAL_Driver\Src\stm32l4xx_hal.o
 .text.HAL_DeInit
                0x00000000       0x2c Drivers\STM32L4xx_HAL_Driver\Src\stm32l4xx_hal.o
 .text.HAL_SuspendTick
                0x00000000       0x10 Drivers\STM32L4xx_HAL_Driver\Src\stm32l4xx_hal.o
 .text.HAL_ResumeTick
                0x00000000       0x10 Drivers\STM32L4xx_HAL_Driver\Src\stm32l4xx_hal.o
 .text.HAL_GetHalVersion
                0x00000000        0x8 Drivers\STM32L4xx_HAL_Driver\Src\stm32l4xx_hal.o
 .text.HAL_GetREVID
                0x00000000        0xc Drivers\STM32L4xx_HAL_Driver\Src\stm32l4xx_hal.o
 .text.HAL_GetDEVID
                0x00000000       0x10 Drivers\STM32L4xx_HAL_Driver\Src\stm32l4xx_hal.o
 .text.HAL_GetUIDw0
                0x00000000        0xc Drivers\STM32L4xx_HAL_Driver\Src\stm32l4xx_hal.o
 .text.HAL_GetUIDw1
                0x00000000        0xc Drivers\STM32L4xx_HAL_Driver\Src\stm32l4xx_hal.o
 .text.HAL_GetUIDw2
                0x00000000        0xc Drivers\STM32L4xx_HAL_Driver\Src\stm32l4xx_hal.o
 .text.HAL_DBGMCU_EnableDBGSleepMode
                0x00000000       0x10 Drivers\STM32L4xx_HAL_Driver\Src\stm32l4xx_hal.o
 .text.HAL_DBGMCU_DisableDBGSleepMode
                0x00000000       0x10 Drivers\STM32L4xx_HAL_Driver\Src\stm32l4xx_hal.o
 .text.HAL_DBGMCU_EnableDBGStopMode
                0x00000000       0x10 Drivers\STM32L4xx_HAL_Driver\Src\stm32l4xx_hal.o
 .text.HAL_DBGMCU_DisableDBGStopMode
                0x00000000       0x10 Drivers\STM32L4xx_HAL_Driver\Src\stm32l4xx_hal.o
 .text.HAL_DBGMCU_EnableDBGStandbyMode
                0x00000000       0x10 Drivers\STM32L4xx_HAL_Driver\Src\stm32l4xx_hal.o
[...]
Memory Configuration

Name             Origin             Length             Attributes
RAM              0x20000000         0x00018000         xrw
RAM2             0x10000000         0x00008000         xrw
FLASH            0x08000000         0x00100000         xr
*default*        0x00000000         0xffffffff

Linker script and memory map

LOAD c:/program files (x86)/atollic/truestudio for stm32 9.0.0/armtools/bin/../lib/gcc/arm-atollic-eabi/6.3.1/armv7e-m/fpu/crti.o
LOAD c:/program files (x86)/atollic/truestudio for stm32 9.0.0/armtools/bin/../lib/gcc/arm-atollic-eabi/6.3.1/armv7e-m/fpu/crtbegin.o
LOAD Drivers\STM32L4xx_HAL_Driver\Src\stm32l4xx_hal.o
LOAD Drivers\STM32L4xx_HAL_Driver\Src\stm32l4xx_hal_cortex.o
LOAD Drivers\STM32L4xx_HAL_Driver\Src\stm32l4xx_hal_dma.o
LOAD Drivers\STM32L4xx_HAL_Driver\Src\stm32l4xx_hal_dma_ex.o
LOAD Drivers\STM32L4xx_HAL_Driver\Src\stm32l4xx_hal_flash.o
LOAD Drivers\STM32L4xx_HAL_Driver\Src\stm32l4xx_hal_flash_ex.o
LOAD Drivers\STM32L4xx_HAL_Driver\Src\stm32l4xx_hal_flash_ramfunc.o
LOAD Drivers\STM32L4xx_HAL_Driver\Src\stm32l4xx_hal_gpio.o
LOAD Drivers\STM32L4xx_HAL_Driver\Src\stm32l4xx_hal_i2c.o
LOAD Drivers\STM32L4xx_HAL_Driver\Src\stm32l4xx_hal_i2c_ex.o
LOAD Drivers\STM32L4xx_HAL_Driver\Src\stm32l4xx_hal_pwr.o
LOAD Drivers\STM32L4xx_HAL_Driver\Src\stm32l4xx_hal_pwr_ex.o
LOAD Drivers\STM32L4xx_HAL_Driver\Src\stm32l4xx_hal_rcc.o
LOAD Drivers\STM32L4xx_HAL_Driver\Src\stm32l4xx_hal_rcc_ex.o
LOAD Drivers\STM32L4xx_HAL_Driver\Src\stm32l4xx_hal_spi.o
LOAD Drivers\STM32L4xx_HAL_Driver\Src\stm32l4xx_hal_spi_ex.o
LOAD Drivers\STM32L4xx_HAL_Driver\Src\stm32l4xx_hal_tim.o
LOAD Drivers\STM32L4xx_HAL_Driver\Src\stm32l4xx_hal_tim_ex.o
LOAD Drivers\STM32L4xx_HAL_Driver\Src\stm32l4xx_hal_uart.o
LOAD Drivers\STM32L4xx_HAL_Driver\Src\stm32l4xx_hal_uart_ex.o
LOAD Src\fcu_functions.o
LOAD Src\main.o
LOAD Src\stm32l4xx_hal_msp.o
LOAD Src\stm32l4xx_it.o
LOAD Src\system_stm32l4xx.o
LOAD startup\startup_stm32l476xx.o
                0x00000080                malloc_getpagesize_P = 0x80
START GROUP
LOAD c:/program files (x86)/atollic/truestudio for stm32 9.0.0/armtools/bin/../lib/gcc/arm-atollic-eabi/6.3.1/../../../../arm-atollic-eabi/lib/armv7e-m/fpu\libc_nano.a
LOAD c:/program files (x86)/atollic/truestudio for stm32 9.0.0/armtools/bin/../lib/gcc/arm-atollic-eabi/6.3.1/../../../../arm-atollic-eabi/lib/armv7e-m/fpu\libm.a
END GROUP
START GROUP
LOAD c:/program files (x86)/atollic/truestudio for stm32 9.0.0/armtools/bin/../lib/gcc/arm-atollic-eabi/6.3.1/armv7e-m/fpu\libgcc.a
LOAD c:/program files (x86)/atollic/truestudio for stm32 9.0.0/armtools/bin/../lib/gcc/arm-atollic-eabi/6.3.1/../../../../arm-atollic-eabi/lib/armv7e-m/fpu\libc_nano.a
END GROUP
START GROUP
LOAD c:/program files (x86)/atollic/truestudio for stm32 9.0.0/armtools/bin/../lib/gcc/arm-atollic-eabi/6.3.1/armv7e-m/fpu\libgcc.a
LOAD c:/program files (x86)/atollic/truestudio for stm32 9.0.0/armtools/bin/../lib/gcc/arm-atollic-eabi/6.3.1/../../../../arm-atollic-eabi/lib/armv7e-m/fpu\libc_nano.a
LOAD c:/program files (x86)/atollic/truestudio for stm32 9.0.0/armtools/bin/../lib/gcc/arm-atollic-eabi/6.3.1/../../../../arm-atollic-eabi/lib/armv7e-m/fpu\libnosys.a
END GROUP
START GROUP
LOAD c:/program files (x86)/atollic/truestudio for stm32 9.0.0/armtools/bin/../lib/gcc/arm-atollic-eabi/6.3.1/armv7e-m/fpu\libgcc.a
LOAD c:/program files (x86)/atollic/truestudio for stm32 9.0.0/armtools/bin/../lib/gcc/arm-atollic-eabi/6.3.1/../../../../arm-atollic-eabi/lib/armv7e-m/fpu\libc_nano.a
LOAD c:/program files (x86)/atollic/truestudio for stm32 9.0.0/armtools/bin/../lib/gcc/arm-atollic-eabi/6.3.1/../../../../arm-atollic-eabi/lib/armv7e-m/fpu\libnosys.a
END GROUP
LOAD c:/program files (x86)/atollic/truestudio for stm32 9.0.0/armtools/bin/../lib/gcc/arm-atollic-eabi/6.3.1/armv7e-m/fpu/crtend.o
LOAD c:/program files (x86)/atollic/truestudio for stm32 9.0.0/armtools/bin/../lib/gcc/arm-atollic-eabi/6.3.1/armv7e-m/fpu/crtn.o
                0x20018000                _estack = 0x20018000
                0x00000200                _Min_Heap_Size = 0x200
                0x00000400                _Min_Stack_Size = 0x400

.isr_vector     0x08000000      0x188
                0x08000000                . = ALIGN (0x4)
 *(.isr_vector)
 .isr_vector    0x08000000      0x188 startup\startup_stm32l476xx.o
                0x08000000                g_pfnVectors
                0x08000188                . = ALIGN (0x4)

.text           0x08000188     0x32b4
                0x08000188                . = ALIGN (0x4)
 *(.text)
 .text          0x08000188       0x40 c:/program files (x86)/atollic/truestudio for stm32 9.0.0/armtools/bin/../lib/gcc/arm-atollic-eabi/6.3.1/armv7e-m/fpu/crtbegin.o
 .text          0x080001c8       0x10 c:/program files (x86)/atollic/truestudio for stm32 9.0.0/armtools/bin/../lib/gcc/arm-atollic-eabi/6.3.1/../../../../arm-atollic-eabi/lib/armv7e-m/fpu\libc_nano.a(lib_a-strlen.o)
                0x080001c8                strlen
 .text          0x080001d8       0x30 c:/program files (x86)/atollic/truestudio for stm32 9.0.0/armtools/bin/../lib/gcc/arm-atollic-eabi/6.3.1/armv7e-m/fpu\libgcc.a(_aeabi_uldivmod.o)
                0x080001d8                __aeabi_uldivmod
 .text          0x08000208      0x2dc c:/program files (x86)/atollic/truestudio for stm32 9.0.0/armtools/bin/../lib/gcc/arm-atollic-eabi/6.3.1/armv7e-m/fpu\libgcc.a(_udivmoddi4.o)
                0x08000208                __udivmoddi4
 .text          0x080004e4        0x4 c:/program files (x86)/atollic/truestudio for stm32 9.0.0/armtools/bin/../lib/gcc/arm-atollic-eabi/6.3.1/armv7e-m/fpu\libgcc.a(_dvmd_tls.o)
                0x080004e4                __aeabi_idiv0
                0x080004e4                __aeabi_ldiv0
 *(.text*)
 .text.HAL_InitTick
                0x080004e8       0x28 Drivers\STM32L4xx_HAL_Driver\Src\stm32l4xx_hal.o
                0x080004e8                HAL_InitTick
 .text.HAL_Init
                0x08000510       0x24 Drivers\STM32L4xx_HAL_Driver\Src\stm32l4xx_hal.o
                0x08000510                HAL_Init
 .text.HAL_IncTick
                0x08000534       0x10 Drivers\STM32L4xx_HAL_Driver\Src\stm32l4xx_hal.o
                0x08000534                HAL_IncTick
 .text.HAL_GetTick
                0x08000544        0xc Drivers\STM32L4xx_HAL_Driver\Src\stm32l4xx_hal.o
                0x08000544                HAL_GetTick
 .text.HAL_Delay
                0x08000550       0x1c Drivers\STM32L4xx_HAL_Driver\Src\stm32l4xx_hal.o
                0x08000550                HAL_Delay
 .text.HAL_NVIC_SetPriorityGrouping
                0x0800056c       0x24 Drivers\STM32L4xx_HAL_Driver\Src\stm32l4xx_hal_cortex.o
                0x0800056c                HAL_NVIC_SetPriorityGrouping
 .text.HAL_NVIC_SetPriority
                0x08000590       0x68 Drivers\STM32L4xx_HAL_Driver\Src\stm32l4xx_hal_cortex.o
                0x08000590                HAL_NVIC_SetPriority
 .text.HAL_NVIC_EnableIRQ
                0x080005f8       0x18 Drivers\STM32L4xx_HAL_Driver\Src\stm32l4xx_hal_cortex.o
                0x080005f8                HAL_NVIC_EnableIRQ
 .text.HAL_SYSTICK_Config
                0x08000610       0x2c Drivers\STM32L4xx_HAL_Driver\Src\stm32l4xx_hal_cortex.o
                0x08000610                HAL_SYSTICK_Config
 .text.HAL_SYSTICK_CLKSourceConfig
                0x0800063c       0x18 Drivers\STM32L4xx_HAL_Driver\Src\stm32l4xx_hal_cortex.o
                0x0800063c                HAL_SYSTICK_CLKSourceConfig
 .text.HAL_SYSTICK_Callback
                0x08000654        0x2 Drivers\STM32L4xx_HAL_Driver\Src\stm32l4xx_hal_cortex.o
                0x08000654                HAL_SYSTICK_Callback
 .text.HAL_SYSTICK_IRQHandler
                0x08000656        0x8 Drivers\STM32L4xx_HAL_Driver\Src\stm32l4xx_hal_cortex.o
                0x08000656                HAL_SYSTICK_IRQHandler
 .text.HAL_DMA_Abort_IT
                0x0800065e       0x48 Drivers\STM32L4xx_HAL_Driver\Src\stm32l4xx_hal_dma.o
                0x0800065e                HAL_DMA_Abort_IT
 *fill*         0x080006a6        0x2 
 .text.HAL_GPIO_Init
                0x080006a8      0x1b8 Drivers\STM32L4xx_HAL_Driver\Src\stm32l4xx_hal_gpio.o
                0x080006a8                HAL_GPIO_Init
 .text.HAL_GPIO_WritePin
                0x08000860        0xa Drivers\STM32L4xx_HAL_Driver\Src\stm32l4xx_hal_gpio.o
                0x08000860                HAL_GPIO_WritePin
 *fill*         0x0800086a        0x2 
 .text.HAL_PWREx_GetVoltageRange
                0x0800086c       0x10 Drivers\STM32L4xx_HAL_Driver\Src\stm32l4xx_hal_pwr_ex.o
                0x0800086c                HAL_PWREx_GetVoltageRange
 .text.HAL_PWREx_ControlVoltageScaling
                0x0800087c       0x68 Drivers\STM32L4xx_HAL_Driver\Src\stm32l4xx_hal_pwr_ex.o
                0x0800087c                HAL_PWREx_ControlVoltageScaling
 .text.RCC_SetFlashLatencyFromMSIRange
                0x080008e4       0x84 Drivers\STM32L4xx_HAL_Driver\Src\stm32l4xx_hal_rcc.o
 .text.HAL_RCC_GetSysClockFreq
                0x08000968       0xd0 Drivers\STM32L4xx_HAL_Driver\Src\stm32l4xx_hal_rcc.o
                0x08000968                HAL_RCC_GetSysClockFreq
 .text.HAL_RCC_OscConfig
                0x08000a38      0x464 Drivers\STM32L4xx_HAL_Driver\Src\stm32l4xx_hal_rcc.o
                0x08000a38                HAL_RCC_OscConfig
 .text.HAL_RCC_ClockConfig
                0x08000e9c      0x16c Drivers\STM32L4xx_HAL_Driver\Src\stm32l4xx_hal_rcc.o
                0x08000e9c                HAL_RCC_ClockConfig
 .text.HAL_RCC_GetHCLKFreq
                0x08001008        0xc Drivers\STM32L4xx_HAL_Driver\Src\stm32l4xx_hal_rcc.o
                0x08001008                HAL_RCC_GetHCLKFreq
 .text.HAL_RCC_GetPCLK1Freq
                0x08001014       0x20 Drivers\STM32L4xx_HAL_Driver\Src\stm32l4xx_hal_rcc.o
                0x08001014                HAL_RCC_GetPCLK1Freq
 .text.HAL_RCC_GetPCLK2Freq
                0x08001034       0x20 Drivers\STM32L4xx_HAL_Driver\Src\stm32l4xx_hal_rcc.o
                0x08001034                HAL_RCC_GetPCLK2Freq
 .text.RCCEx_PLLSAI1_Config
                0x08001054      0x11c Drivers\STM32L4xx_HAL_Driver\Src\stm32l4xx_hal_rcc_ex.o
 .text.RCCEx_PLLSAI2_Config
                0x08001170       0xfc Drivers\STM32L4xx_HAL_Driver\Src\stm32l4xx_hal_rcc_ex.o
 .text.HAL_RCCEx_PeriphCLKConfig
                0x0800126c      0x3d0 Drivers\STM32L4xx_HAL_Driver\Src\stm32l4xx_hal_rcc_ex.o
                0x0800126c                HAL_RCCEx_PeriphCLKConfig
 .text.SPI_WaitFifoStateUntilTimeout.part.1
                0x0800163c       0x50 Drivers\STM32L4xx_HAL_Driver\Src\stm32l4xx_hal_spi.o
 .text.SPI_WaitFlagStateUntilTimeout.constprop.10
                0x0800168c       0x30 Drivers\STM32L4xx_HAL_Driver\Src\stm32l4xx_hal_spi.o
 .text.SPI_WaitFifoStateUntilTimeout.constprop.11
                0x080016bc       0x40 Drivers\STM32L4xx_HAL_Driver\Src\stm32l4xx_hal_spi.o
 .text.SPI_EndRxTxTransaction
                0x080016fc       0x44 Drivers\STM32L4xx_HAL_Driver\Src\stm32l4xx_hal_spi.o
 .text.HAL_SPI_Init
                0x08001740       0xa2 Drivers\STM32L4xx_HAL_Driver\Src\stm32l4xx_hal_spi.o
                0x08001740                HAL_SPI_Init
 .text.HAL_SPI_Transmit
                0x080017e2      0x17c Drivers\STM32L4xx_HAL_Driver\Src\stm32l4xx_hal_spi.o
                0x080017e2                HAL_SPI_Transmit
 .text.HAL_SPI_TransmitReceive
                0x0800195e      0x244 Drivers\STM32L4xx_HAL_Driver\Src\stm32l4xx_hal_spi.o
                0x0800195e                HAL_SPI_TransmitReceive
 .text.UART_EndRxTransfer
                0x08001ba2       0x1e Drivers\STM32L4xx_HAL_Driver\Src\stm32l4xx_hal_uart.o
 .text.HAL_UART_Receive_IT
                0x08001bc0       0xa8 Drivers\STM32L4xx_HAL_Driver\Src\stm32l4xx_hal_uart.o
                0x08001bc0                HAL_UART_Receive_IT
 .text.HAL_UART_TxCpltCallback
                0x08001c68        0x2 Drivers\STM32L4xx_HAL_Driver\Src\stm32l4xx_hal_uart.o
                0x08001c68                HAL_UART_TxCpltCallback
 .text.UART_RxISR_8BIT
                0x08001c6a       0x56 Drivers\STM32L4xx_HAL_Driver\Src\stm32l4xx_hal_uart.o
 .text.UART_RxISR_16BIT
                0x08001cc0       0x54 Drivers\STM32L4xx_HAL_Driver\Src\stm32l4xx_hal_uart.o
 .text.HAL_UART_ErrorCallback
                0x08001d14        0x2 Drivers\STM32L4xx_HAL_Driver\Src\stm32l4xx_hal_uart.o
                0x08001d14                HAL_UART_ErrorCallback
 *fill*         0x08001d16        0x2 
 .text.HAL_UART_IRQHandler
                0x08001d18      0x138 Drivers\STM32L4xx_HAL_Driver\Src\stm32l4xx_hal_uart.o
                0x08001d18                HAL_UART_IRQHandler
 .text.UART_DMAAbortOnError
                0x08001e50       0x14 Drivers\STM32L4xx_HAL_Driver\Src\stm32l4xx_hal_uart.o
 .text.UART_SetConfig
                0x08001e64      0x330 Drivers\STM32L4xx_HAL_Driver\Src\stm32l4xx_hal_uart.o
                0x08001e64                UART_SetConfig
 .text.UART_AdvFeatureConfig
                0x08002194       0xa8 Drivers\STM32L4xx_HAL_Driver\Src\stm32l4xx_hal_uart.o
                0x08002194                UART_AdvFeatureConfig
 .text.UART_WaitOnFlagUntilTimeout
                0x0800223c       0x62 Drivers\STM32L4xx_HAL_Driver\Src\stm32l4xx_hal_uart.o
                0x0800223c                UART_WaitOnFlagUntilTimeout
 .text.HAL_UART_Transmit
                0x0800229e       0xae Drivers\STM32L4xx_HAL_Driver\Src\stm32l4xx_hal_uart.o
                0x0800229e                HAL_UART_Transmit
 .text.HAL_UART_Receive
                0x0800234c       0xde Drivers\STM32L4xx_HAL_Driver\Src\stm32l4xx_hal_uart.o
                0x0800234c                HAL_UART_Receive
 .text.UART_CheckIdleState
                0x0800242a       0x64 Drivers\STM32L4xx_HAL_Driver\Src\stm32l4xx_hal_uart.o
                0x0800242a                UART_CheckIdleState
 .text.HAL_UART_Init
                0x0800248e       0x64 Drivers\STM32L4xx_HAL_Driver\Src\stm32l4xx_hal_uart.o
                0x0800248e                HAL_UART_Init
 .text.HAL_UARTEx_WakeupCallback
                0x080024f2        0x2 Drivers\STM32L4xx_HAL_Driver\Src\stm32l4xx_hal_uart_ex.o
                0x080024f2                HAL_UARTEx_WakeupCallback
 .text.FCU_Transmit_G
                0x080024f4       0x50 Src\fcu_functions.o
                0x080024f4                FCU_Transmit_G
 .text.FCU_Transmit_D
                0x08002544       0x50 Src\fcu_functions.o
                0x08002544                FCU_Transmit_D
 .text.FCU_Transmit_C
                0x08002594       0xb4 Src\fcu_functions.o
                0x08002594                FCU_Transmit_C
 .text.FCU_Affich_Clear
                0x08002648       0x86 Src\fcu_functions.o
                0x08002648                FCU_Affich_Clear
 .text.FCU_Affich_Init
                0x080026ce      0x126 Src\fcu_functions.o
                0x080026ce                FCU_Affich_Init
 .text.FCU_TransmitSW
                0x080027f4       0x6c Src\fcu_functions.o
                0x080027f4                FCU_TransmitSW
 .text.FCU_ReceiveSW
                0x08002860       0x78 Src\fcu_functions.o
                0x08002860                FCU_ReceiveSW
 .text.FCU_Switchs_Init
                0x080028d8       0x40 Src\fcu_functions.o
                0x080028d8                FCU_Switchs_Init
 .text.Serial_Transmit_Str
                0x08002918       0x20 Src\main.o
                0x08002918                Serial_Transmit_Str
 .text.Serial_Transmit_I
                0x08002938       0x14 Src\main.o
                0x08002938                Serial_Transmit_I
 .text.HAL_UART_RxCpltCallback
                0x0800294c       0x48 Src\main.o
                0x0800294c                HAL_UART_RxCpltCallback
 .text.setClockPolarity
                0x08002994       0x20 Src\main.o
                0x08002994                setClockPolarity
 .text.bitClear
                0x080029b4       0x12 Src\main.o
                0x080029b4                bitClear
 *fill*         0x080029c6        0x2 
 .text.refreshGauche
                0x080029c8      0x128 Src\main.o
                0x080029c8                refreshGauche
 .text.refreshCentre
                0x08002af0      0x134 Src\main.o
                0x08002af0                refreshCentre
 .text.refreshDroite
                0x08002c24      0x108 Src\main.o
                0x08002c24                refreshDroite
 .text.SystemClock_Config
                0x08002d2c       0x8c Src\main.o
                0x08002d2c                SystemClock_Config
 .text.startup.main
                0x08002db8      0x43c Src\main.o
                0x08002db8                main
 .text.HAL_MspInit
                0x080031f4       0x8c Src\stm32l4xx_hal_msp.o
                0x080031f4                HAL_MspInit
 .text.HAL_SPI_MspInit
                0x08003280       0x4c Src\stm32l4xx_hal_msp.o
                0x08003280                HAL_SPI_MspInit
 .text.HAL_UART_MspInit
                0x080032cc       0x58 Src\stm32l4xx_hal_msp.o
                0x080032cc                HAL_UART_MspInit
 .text.SysTick_Handler
                0x08003324        0xe Src\stm32l4xx_it.o
                0x08003324                SysTick_Handler
 *fill*         0x08003332        0x2 
 .text.USART2_IRQHandler
                0x08003334        0xc Src\stm32l4xx_it.o
                0x08003334                USART2_IRQHandler
 .text.SystemInit
                0x08003340       0x48 Src\system_stm32l4xx.o
                0x08003340                SystemInit
 .text.Reset_Handler
                0x08003388       0x50 startup\startup_stm32l476xx.o
                0x08003388                Reset_Handler
 .text.Default_Handler
                0x080033d8        0x2 startup\startup_stm32l476xx.o
                0x080033d8                RTC_Alarm_IRQHandler
                0x080033d8                EXTI2_IRQHandler
                0x080033d8                TIM8_TRG_COM_IRQHandler
                0x080033d8                TIM8_CC_IRQHandler
                0x080033d8                DebugMon_Handler
                0x080033d8                TIM1_CC_IRQHandler
                0x080033d8                TSC_IRQHandler
                0x080033d8                HardFault_Handler
                0x080033d8                TAMP_STAMP_IRQHandler
                0x080033d8                PendSV_Handler
                0x080033d8                NMI_Handler
                0x080033d8                EXTI3_IRQHandler
                0x080033d8                LPTIM2_IRQHandler
                0x080033d8                DFSDM1_FLT1_IRQHandler
                0x080033d8                I2C3_ER_IRQHandler
                0x080033d8                DFSDM1_FLT2_IRQHandler
                0x080033d8                EXTI0_IRQHandler
                0x080033d8                I2C2_EV_IRQHandler
                0x080033d8                CAN1_RX0_IRQHandler
                0x080033d8                FPU_IRQHandler
                0x080033d8                TIM1_UP_TIM16_IRQHandler
                0x080033d8                UsageFault_Handler
                0x080033d8                ADC1_2_IRQHandler
                0x080033d8                SPI1_IRQHandler
                0x080033d8                TIM6_DAC_IRQHandler
                0x080033d8                TIM8_UP_IRQHandler
                0x080033d8                DMA2_Channel2_IRQHandler
                0x080033d8                DMA1_Channel4_IRQHandler
                0x080033d8                SAI2_IRQHandler
                0x080033d8                DFSDM1_FLT3_IRQHandler
                0x080033d8                USART3_IRQHandler
                0x080033d8                DMA1_Channel7_IRQHandler
                0x080033d8                CAN1_RX1_IRQHandler
                0x080033d8                LCD_IRQHandler
                0x080033d8                UART5_IRQHandler
                0x080033d8                ADC3_IRQHandler
                0x080033d8                TIM4_IRQHandler
                0x080033d8                DMA2_Channel1_IRQHandler
                0x080033d8                QUADSPI_IRQHandler
                0x080033d8                I2C1_EV_IRQHandler
                0x080033d8                DMA1_Channel6_IRQHandler
                0x080033d8                UART4_IRQHandler
                0x080033d8                DMA2_Channel4_IRQHandler
                0x080033d8                TIM3_IRQHandler
                0x080033d8                RCC_IRQHandler
                0x080033d8                DMA1_Channel1_IRQHandler
                0x080033d8                Default_Handler
                0x080033d8                DMA2_Channel7_IRQHandler
                0x080033d8                EXTI15_10_IRQHandler
                0x080033d8                TIM7_IRQHandler
                0x080033d8                SDMMC1_IRQHandler
                0x080033d8                TIM5_IRQHandler
                0x080033d8                I2C3_EV_IRQHandler
                0x080033d8                EXTI9_5_IRQHandler
                0x080033d8                RTC_WKUP_IRQHandler
                0x080033d8                PVD_PVM_IRQHandler
                0x080033d8                SPI2_IRQHandler
                0x080033d8                MemManage_Handler
                0x080033d8                CAN1_TX_IRQHandler
                0x080033d8                SVC_Handler
                0x080033d8                DMA2_Channel5_IRQHandler
                0x080033d8                DMA1_Channel5_IRQHandler
                0x080033d8                EXTI4_IRQHandler
                0x080033d8                RNG_IRQHandler
                0x080033d8                TIM1_TRG_COM_TIM17_IRQHandler
                0x080033d8                DMA1_Channel3_IRQHandler
                0x080033d8                COMP_IRQHandler
                0x080033d8                WWDG_IRQHandler
                0x080033d8                LPUART1_IRQHandler
                0x080033d8                DMA2_Channel6_IRQHandler
                0x080033d8                TIM2_IRQHandler
                0x080033d8                EXTI1_IRQHandler
                0x080033d8                DFSDM1_FLT0_IRQHandler
                0x080033d8                I2C2_ER_IRQHandler
                0x080033d8                DMA1_Channel2_IRQHandler
                0x080033d8                TIM8_BRK_IRQHandler
                0x080033d8                CAN1_SCE_IRQHandler
                0x080033d8                FLASH_IRQHandler
                0x080033d8                BusFault_Handler
                0x080033d8                USART1_IRQHandler
                0x080033d8                OTG_FS_IRQHandler
                0x080033d8                SPI3_IRQHandler
                0x080033d8                I2C1_ER_IRQHandler
                0x080033d8                FMC_IRQHandler
                0x080033d8                SWPMI1_IRQHandler
                0x080033d8                LPTIM1_IRQHandler
                0x080033d8                SAI1_IRQHandler
                0x080033d8                DMA2_Channel3_IRQHandler
                0x080033d8                TIM1_BRK_TIM15_IRQHandler
 *fill*         0x080033da        0x2 
 .text.__libc_init_array
                0x080033dc       0x48 c:/program files (x86)/atollic/truestudio for stm32 9.0.0/armtools/bin/../lib/gcc/arm-atollic-eabi/6.3.1/../../../../arm-atollic-eabi/lib/armv7e-m/fpu\libc_nano.a(lib_a-init.o)
                0x080033dc                __libc_init_array
 *(.glue_7)
 .glue_7        0x08003424        0x0 linker stubs
 *(.glue_7t)
 .glue_7t       0x08003424        0x0 linker stubs
 *(.eh_frame)
 .eh_frame      0x08003424        0x0 c:/program files (x86)/atollic/truestudio for stm32 9.0.0/armtools/bin/../lib/gcc/arm-atollic-eabi/6.3.1/armv7e-m/fpu/crtbegin.o
 *(.init)
 .init          0x08003424        0x4 c:/program files (x86)/atollic/truestudio for stm32 9.0.0/armtools/bin/../lib/gcc/arm-atollic-eabi/6.3.1/armv7e-m/fpu/crti.o
                0x08003424                _init
 .init          0x08003428        0x8 c:/program files (x86)/atollic/truestudio for stm32 9.0.0/armtools/bin/../lib/gcc/arm-atollic-eabi/6.3.1/armv7e-m/fpu/crtn.o
 *(.fini)
 .fini          0x08003430        0x4 c:/program files (x86)/atollic/truestudio for stm32 9.0.0/armtools/bin/../lib/gcc/arm-atollic-eabi/6.3.1/armv7e-m/fpu/crti.o
                0x08003430                _fini
 .fini          0x08003434        0x8 c:/program files (x86)/atollic/truestudio for stm32 9.0.0/armtools/bin/../lib/gcc/arm-atollic-eabi/6.3.1/armv7e-m/fpu/crtn.o
                0x0800343c                . = ALIGN (0x4)
                0x0800343c                _etext = .

.vfp11_veneer   0x0800343c        0x0
 .vfp11_veneer  0x0800343c        0x0 linker stubs

.v4_bx          0x0800343c        0x0
 .v4_bx         0x0800343c        0x0 linker stubs

.iplt           0x0800343c        0x0
 .iplt          0x0800343c        0x0 c:/program files (x86)/atollic/truestudio for stm32 9.0.0/armtools/bin/../lib/gcc/arm-atollic-eabi/6.3.1/armv7e-m/fpu/crtbegin.o

.rodata         0x0800343c       0x64
                0x0800343c                . = ALIGN (0x4)
 *(.rodata)
 *(.rodata*)
 .rodata.CSWTCH.51
                0x0800343c        0x4 Drivers\STM32L4xx_HAL_Driver\Src\stm32l4xx_hal_uart.o
 .rodata.CSWTCH.52
                0x08003440        0xd Drivers\STM32L4xx_HAL_Driver\Src\stm32l4xx_hal_uart.o
 .rodata.main.str1.1
                0x0800344d        0x8 Src\main.o
 .rodata.AHBPrescTable
                0x08003455       0x10 Src\system_stm32l4xx.o
                0x08003455                AHBPrescTable
 .rodata.APBPrescTable
                0x08003465        0x8 Src\system_stm32l4xx.o
                0x08003465                APBPrescTable
 *fill*         0x0800346d        0x3 
 .rodata.MSIRangeTable
                0x08003470       0x30 Src\system_stm32l4xx.o
                0x08003470                MSIRangeTable
                0x080034a0                . = ALIGN (0x4)

.ARM.extab
 *(.ARM.extab* .gnu.linkonce.armextab.*)

.ARM            0x080034a0        0x8
                0x080034a0                __exidx_start = .
 *(.ARM.exidx*)
 .ARM.exidx     0x080034a0        0x8 c:/program files (x86)/atollic/truestudio for stm32 9.0.0/armtools/bin/../lib/gcc/arm-atollic-eabi/6.3.1/armv7e-m/fpu\libgcc.a(_udivmoddi4.o)
                0x080034a8                __exidx_end = .

.rel.dyn        0x080034a8        0x0
 .rel.iplt      0x080034a8        0x0 c:/program files (x86)/atollic/truestudio for stm32 9.0.0/armtools/bin/../lib/gcc/arm-atollic-eabi/6.3.1/armv7e-m/fpu/crtbegin.o

.preinit_array  0x080034a8        0x0
                0x080034a8                PROVIDE (__preinit_array_start, .)
 *(.preinit_array*)
                0x080034a8                PROVIDE (__preinit_array_end, .)

.init_array     0x080034a8        0x4
                0x080034a8                PROVIDE (__init_array_start, .)
 *(SORT(.init_array.*))
 *(.init_array*)
 .init_array    0x080034a8        0x4 c:/program files (x86)/atollic/truestudio for stm32 9.0.0/armtools/bin/../lib/gcc/arm-atollic-eabi/6.3.1/armv7e-m/fpu/crtbegin.o
                0x080034ac                PROVIDE (__init_array_end, .)

.fini_array     0x080034ac        0x4
                [!provide]                PROVIDE (__fini_array_start, .)
 *(SORT(.fini_array.*))
 *(.fini_array*)
 .fini_array    0x080034ac        0x4 c:/program files (x86)/atollic/truestudio for stm32 9.0.0/armtools/bin/../lib/gcc/arm-atollic-eabi/6.3.1/armv7e-m/fpu/crtbegin.o
                [!provide]                PROVIDE (__fini_array_end, .)
                0x080034b0                _sidata = LOADADDR (.data)

.data           0x20000000        0x4 load address 0x080034b0
                0x20000000                . = ALIGN (0x4)
                0x20000000                _sdata = .
 *(.data)
 *(.data*)
 .data.SystemCoreClock
                0x20000000        0x4 Src\system_stm32l4xx.o
                0x20000000                SystemCoreClock
                0x20000004                . = ALIGN (0x4)
                0x20000004                _edata = .

.igot.plt       0x20000004        0x0 load address 0x080034b4
 .igot.plt      0x20000004        0x0 c:/program files (x86)/atollic/truestudio for stm32 9.0.0/armtools/bin/../lib/gcc/arm-atollic-eabi/6.3.1/armv7e-m/fpu/crtbegin.o
                0x20000004                . = ALIGN (0x4)

.bss            0x20000004      0x274 load address 0x080034b4
                0x20000004                _sbss = .
                0x20000004                __bss_start__ = _sbss
 *(.bss)
 .bss           0x20000004       0x1c c:/program files (x86)/atollic/truestudio for stm32 9.0.0/armtools/bin/../lib/gcc/arm-atollic-eabi/6.3.1/armv7e-m/fpu/crtbegin.o
 *(.bss*)
 .bss.no_op     0x20000020        0x1 Src\fcu_functions.o
                0x20000020                no_op
 .bss.Centre    0x20000021        0x1 Src\main.o
                0x20000021                Centre
 .bss.Droite    0x20000022        0x1 Src\main.o
                0x20000022                Droite
 .bss.Gauche    0x20000023        0x1 Src\main.o
                0x20000023                Gauche
 .bss.Transfer_cplt
                0x20000024        0x4 Src\main.o
                0x20000024                Transfer_cplt
 .bss.swCentre0A
                0x20000028        0x4 Src\main.o
                0x20000028                swCentre0A
 .bss.swCentre0B
                0x2000002c        0x4 Src\main.o
                0x2000002c                swCentre0B
 .bss.swCentre1A
                0x20000030        0x4 Src\main.o
                0x20000030                swCentre1A
 .bss.swCentre1B
                0x20000034        0x4 Src\main.o
                0x20000034                swCentre1B
 .bss.swDroite0A
                0x20000038        0x4 Src\main.o
                0x20000038                swDroite0A
 .bss.swDroite0B
                0x2000003c        0x4 Src\main.o
                0x2000003c                swDroite0B
 .bss.swDroite1A
                0x20000040        0x4 Src\main.o
                0x20000040                swDroite1A
 .bss.swDroite1B
                0x20000044        0x4 Src\main.o
                0x20000044                swDroite1B
 .bss.swGauche0A
                0x20000048        0x4 Src\main.o
                0x20000048                swGauche0A
 .bss.swGauche0B
                0x2000004c        0x4 Src\main.o
                0x2000004c                swGauche0B
 .bss.swGauche1A
                0x20000050        0x4 Src\main.o
                0x20000050                swGauche1A
 .bss.swGauche1B
                0x20000054        0x4 Src\main.o
                0x20000054                swGauche1B
 *(COMMON)
 COMMON         0x20000058        0x4 Drivers\STM32L4xx_HAL_Driver\Src\stm32l4xx_hal.o
                0x20000058                uwTick
 COMMON         0x2000005c       0x64 Src\fcu_functions.o
                0x2000005c                hspi3
 COMMON         0x200000c0      0x1b8 Src\main.o
                0x200000c0                data_receive
                0x200000c4                Rx_indx
                0x200000c8                Rx_data
                0x200000d0                inputByte
                0x200000df                buffer
                0x20000143                Rx_Buffer
                0x200001a8                spidata
                0x200001e8                dataSwitch
                0x20000200                huart2
                0x20000278                . = ALIGN (0x4)
                0x20000278                _ebss = .
                0x20000278                __bss_end__ = _ebss

._user_heap_stack
                0x20000278      0x600 load address 0x080034b4
                0x20000278                . = ALIGN (0x4)
                [!provide]                PROVIDE (end, .)
                [!provide]                PROVIDE (_end, .)
                0x20000478                . = (. + _Min_Heap_Size)
 *fill*         0x20000278      0x200 
                0x20000878                . = (. + _Min_Stack_Size)
 *fill*         0x20000478      0x400 
                0x20000878                . = ALIGN (0x4)

/DISCARD/
 libc.a(*)
 libm.a(*)
 libgcc.a(*)

.ARM.attributes
                0x00000000       0x30
 *(.ARM.attributes)
 .ARM.attributes
                0x00000000       0x22 c:/program files (x86)/atollic/truestudio for stm32 9.0.0/armtools/bin/../lib/gcc/arm-atollic-eabi/6.3.1/armv7e-m/fpu/crti.o
 .ARM.attributes
                0x00000022       0x34 c:/program files (x86)/atollic/truestudio for stm32 9.0.0/armtools/bin/../lib/gcc/arm-atollic-eabi/6.3.1/armv7e-m/fpu/crtbegin.o
 .ARM.attributes
                0x00000056       0x39 Drivers\STM32L4xx_HAL_Driver\Src\stm32l4xx_hal.o
 .ARM.attributes
                0x0000008f       0x39 Drivers\STM32L4xx_HAL_Driver\Src\stm32l4xx_hal_cortex.o
 .ARM.attributes
                0x000000c8       0x39 Drivers\STM32L4xx_HAL_Driver\Src\stm32l4xx_hal_dma.o
 .ARM.attributes
                0x00000101       0x39 Drivers\STM32L4xx_HAL_Driver\Src\stm32l4xx_hal_gpio.o
 .ARM.attributes
                0x0000013a       0x39 Drivers\STM32L4xx_HAL_Driver\Src\stm32l4xx_hal_pwr_ex.o
 .ARM.attributes
                0x00000173       0x39 Drivers\STM32L4xx_HAL_Driver\Src\stm32l4xx_hal_rcc.o
 .ARM.attributes
                0x000001ac       0x39 Drivers\STM32L4xx_HAL_Driver\Src\stm32l4xx_hal_rcc_ex.o
 .ARM.attributes
                0x000001e5       0x39 Drivers\STM32L4xx_HAL_Driver\Src\stm32l4xx_hal_spi.o
 .ARM.attributes
                0x0000021e       0x39 Drivers\STM32L4xx_HAL_Driver\Src\stm32l4xx_hal_uart.o
 .ARM.attributes
                0x00000257       0x39 Drivers\STM32L4xx_HAL_Driver\Src\stm32l4xx_hal_uart_ex.o
 .ARM.attributes
                0x00000290       0x39 Src\fcu_functions.o
 .ARM.attributes
                0x000002c9       0x39 Src\main.o
 .ARM.attributes
                0x00000302       0x39 Src\stm32l4xx_hal_msp.o
 .ARM.attributes
                0x0000033b       0x39 Src\stm32l4xx_it.o
 .ARM.attributes
                0x00000374       0x39 Src\system_stm32l4xx.o
 .ARM.attributes
                0x000003ad       0x21 startup\startup_stm32l476xx.o
 .ARM.attributes
                0x000003ce       0x34 c:/program files (x86)/atollic/truestudio for stm32 9.0.0/armtools/bin/../lib/gcc/arm-atollic-eabi/6.3.1/../../../../arm-atollic-eabi/lib/armv7e-m/fpu\libc_nano.a(lib_a-init.o)
 .ARM.attributes
                0x00000402       0x1b c:/program files (x86)/atollic/truestudio for stm32 9.0.0/armtools/bin/../lib/gcc/arm-atollic-eabi/6.3.1/../../../../arm-atollic-eabi/lib/armv7e-m/fpu\libc_nano.a(lib_a-strlen.o)
 .ARM.attributes
                0x0000041d       0x22 c:/program files (x86)/atollic/truestudio for stm32 9.0.0/armtools/bin/../lib/gcc/arm-atollic-eabi/6.3.1/armv7e-m/fpu\libgcc.a(_aeabi_uldivmod.o)
 .ARM.attributes
                0x0000043f       0x34 c:/program files (x86)/atollic/truestudio for stm32 9.0.0/armtools/bin/../lib/gcc/arm-atollic-eabi/6.3.1/armv7e-m/fpu\libgcc.a(_udivmoddi4.o)
 .ARM.attributes
                0x00000473       0x22 c:/program files (x86)/atollic/truestudio for stm32 9.0.0/armtools/bin/../lib/gcc/arm-atollic-eabi/6.3.1/armv7e-m/fpu\libgcc.a(_dvmd_tls.o)
 .ARM.attributes
                0x00000495       0x22 c:/program files (x86)/atollic/truestudio for stm32 9.0.0/armtools/bin/../lib/gcc/arm-atollic-eabi/6.3.1/armv7e-m/fpu/crtn.o
OUTPUT(SPI_FCU.elf elf32-littlearm)

.debug_info     0x00000000    0x16cef
 .debug_info    0x00000000     0x140f Drivers\STM32L4xx_HAL_Driver\Src\stm32l4xx_hal.o
 .debug_info    0x0000140f     0x1773 Drivers\STM32L4xx_HAL_Driver\Src\stm32l4xx_hal_cortex.o
 .debug_info    0x00002b82     0x1067 Drivers\STM32L4xx_HAL_Driver\Src\stm32l4xx_hal_dma.o
 .debug_info    0x00003be9     0x1081 Drivers\STM32L4xx_HAL_Driver\Src\stm32l4xx_hal_gpio.o
 .debug_info    0x00004c6a     0x12a1 Drivers\STM32L4xx_HAL_Driver\Src\stm32l4xx_hal_pwr_ex.o
 .debug_info    0x00005f0b     0x15c5 Drivers\STM32L4xx_HAL_Driver\Src\stm32l4xx_hal_rcc.o
 .debug_info    0x000074d0     0x17ef Drivers\STM32L4xx_HAL_Driver\Src\stm32l4xx_hal_rcc_ex.o
 .debug_info    0x00008cbf     0x280f Drivers\STM32L4xx_HAL_Driver\Src\stm32l4xx_hal_spi.o
 .debug_info    0x0000b4ce     0x2455 Drivers\STM32L4xx_HAL_Driver\Src\stm32l4xx_hal_uart.o
 .debug_info    0x0000d923     0x11e9 Drivers\STM32L4xx_HAL_Driver\Src\stm32l4xx_hal_uart_ex.o
 .debug_info    0x0000eb0c     0x199b Src\fcu_functions.o
 .debug_info    0x000104a7     0x3140 Src\main.o
 .debug_info    0x000135e7     0x196c Src\stm32l4xx_hal_msp.o
 .debug_info    0x00014f53      0xf49 Src\stm32l4xx_it.o
 .debug_info    0x00015e9c      0xdd5 Src\system_stm32l4xx.o
 .debug_info    0x00016c71       0x7e startup\startup_stm32l476xx.o

.debug_abbrev   0x00000000     0x29fd
 .debug_abbrev  0x00000000      0x2c9 Drivers\STM32L4xx_HAL_Driver\Src\stm32l4xx_hal.o
 .debug_abbrev  0x000002c9      0x37d Drivers\STM32L4xx_HAL_Driver\Src\stm32l4xx_hal_cortex.o
 .debug_abbrev  0x00000646      0x29e Drivers\STM32L4xx_HAL_Driver\Src\stm32l4xx_hal_dma.o
 .debug_abbrev  0x000008e4      0x268 Drivers\STM32L4xx_HAL_Driver\Src\stm32l4xx_hal_gpio.o
 .debug_abbrev  0x00000b4c      0x2c7 Drivers\STM32L4xx_HAL_Driver\Src\stm32l4xx_hal_pwr_ex.o
 .debug_abbrev  0x00000e13      0x2d2 Drivers\STM32L4xx_HAL_Driver\Src\stm32l4xx_hal_rcc.o
 .debug_abbrev  0x000010e5      0x2ec Drivers\STM32L4xx_HAL_Driver\Src\stm32l4xx_hal_rcc_ex.o
 .debug_abbrev  0x000013d1      0x389 Drivers\STM32L4xx_HAL_Driver\Src\stm32l4xx_hal_spi.o
 .debug_abbrev  0x0000175a      0x3aa Drivers\STM32L4xx_HAL_Driver\Src\stm32l4xx_hal_uart.o
 .debug_abbrev  0x00001b04      0x2b1 Drivers\STM32L4xx_HAL_Driver\Src\stm32l4xx_hal_uart_ex.o
 .debug_abbrev  0x00001db5      0x282 Src\fcu_functions.o
 .debug_abbrev  0x00002037      0x3ee Src\main.o
 .debug_abbrev  0x00002425      0x212 Src\stm32l4xx_hal_msp.o
 .debug_abbrev  0x00002637      0x1c9 Src\stm32l4xx_it.o
 .debug_abbrev  0x00002800      0x1eb Src\system_stm32l4xx.o
 .debug_abbrev  0x000029eb       0x12 startup\startup_stm32l476xx.o

.debug_loc      0x00000000     0x633b
 .debug_loc     0x00000000       0xf8 Drivers\STM32L4xx_HAL_Driver\Src\stm32l4xx_hal.o
 .debug_loc     0x000000f8      0x4fb Drivers\STM32L4xx_HAL_Driver\Src\stm32l4xx_hal_cortex.o
 .debug_loc     0x000005f3      0x60c Drivers\STM32L4xx_HAL_Driver\Src\stm32l4xx_hal_dma.o
 .debug_loc     0x00000bff      0x2cd Drivers\STM32L4xx_HAL_Driver\Src\stm32l4xx_hal_gpio.o
 .debug_loc     0x00000ecc      0x5ad Drivers\STM32L4xx_HAL_Driver\Src\stm32l4xx_hal_pwr_ex.o
 .debug_loc     0x00001479      0x5ac Drivers\STM32L4xx_HAL_Driver\Src\stm32l4xx_hal_rcc.o
 .debug_loc     0x00001a25      0xdab Drivers\STM32L4xx_HAL_Driver\Src\stm32l4xx_hal_rcc_ex.o
 .debug_loc     0x000027d0     0x1888 Drivers\STM32L4xx_HAL_Driver\Src\stm32l4xx_hal_spi.o
 .debug_loc     0x00004058     0x19b3 Drivers\STM32L4xx_HAL_Driver\Src\stm32l4xx_hal_uart.o
 .debug_loc     0x00005a0b      0x300 Drivers\STM32L4xx_HAL_Driver\Src\stm32l4xx_hal_uart_ex.o
 .debug_loc     0x00005d0b      0x1d0 Src\fcu_functions.o
 .debug_loc     0x00005edb      0x208 Src\main.o
 .debug_loc     0x000060e3       0x9a Src\stm32l4xx_hal_msp.o
 .debug_loc     0x0000617d      0x1be Src\system_stm32l4xx.o

.debug_aranges  0x00000000      0xa10
 .debug_aranges
                0x00000000      0x110 Drivers\STM32L4xx_HAL_Driver\Src\stm32l4xx_hal.o
 .debug_aranges
                0x00000110       0xa8 Drivers\STM32L4xx_HAL_Driver\Src\stm32l4xx_hal_cortex.o
 .debug_aranges
                0x000001b8       0x78 Drivers\STM32L4xx_HAL_Driver\Src\stm32l4xx_hal_dma.o
 .debug_aranges
                0x00000230       0x58 Drivers\STM32L4xx_HAL_Driver\Src\stm32l4xx_hal_gpio.o
 .debug_aranges
                0x00000288      0x130 Drivers\STM32L4xx_HAL_Driver\Src\stm32l4xx_hal_pwr_ex.o
 .debug_aranges
                0x000003b8       0x88 Drivers\STM32L4xx_HAL_Driver\Src\stm32l4xx_hal_rcc.o
 .debug_aranges
                0x00000440       0xb8 Drivers\STM32L4xx_HAL_Driver\Src\stm32l4xx_hal_rcc_ex.o
 .debug_aranges
                0x000004f8      0x198 Drivers\STM32L4xx_HAL_Driver\Src\stm32l4xx_hal_spi.o
 .debug_aranges
                0x00000690      0x1a0 Drivers\STM32L4xx_HAL_Driver\Src\stm32l4xx_hal_uart.o
 .debug_aranges
                0x00000830       0x48 Drivers\STM32L4xx_HAL_Driver\Src\stm32l4xx_hal_uart_ex.o
 .debug_aranges
                0x00000878       0x58 Src\fcu_functions.o
 .debug_aranges
                0x000008d0       0x88 Src\main.o
 .debug_aranges
                0x00000958       0x40 Src\stm32l4xx_hal_msp.o
 .debug_aranges
                0x00000998       0x28 Src\stm32l4xx_it.o
 .debug_aranges
                0x000009c0       0x28 Src\system_stm32l4xx.o
 .debug_aranges
                0x000009e8       0x28 startup\startup_stm32l476xx.o

.debug_ranges   0x00000000      0xc70
 .debug_ranges  0x00000000      0x100 Drivers\STM32L4xx_HAL_Driver\Src\stm32l4xx_hal.o
 .debug_ranges  0x00000100      0x138 Drivers\STM32L4xx_HAL_Driver\Src\stm32l4xx_hal_cortex.o
 .debug_ranges  0x00000238       0xa0 Drivers\STM32L4xx_HAL_Driver\Src\stm32l4xx_hal_dma.o
 .debug_ranges  0x000002d8       0x68 Drivers\STM32L4xx_HAL_Driver\Src\stm32l4xx_hal_gpio.o
 .debug_ranges  0x00000340      0x120 Drivers\STM32L4xx_HAL_Driver\Src\stm32l4xx_hal_pwr_ex.o
 .debug_ranges  0x00000460       0x90 Drivers\STM32L4xx_HAL_Driver\Src\stm32l4xx_hal_rcc.o
 .debug_ranges  0x000004f0       0xe0 Drivers\STM32L4xx_HAL_Driver\Src\stm32l4xx_hal_rcc_ex.o
 .debug_ranges  0x000005d0      0x248 Drivers\STM32L4xx_HAL_Driver\Src\stm32l4xx_hal_spi.o
 .debug_ranges  0x00000818      0x190 Drivers\STM32L4xx_HAL_Driver\Src\stm32l4xx_hal_uart.o
 .debug_ranges  0x000009a8       0x38 Drivers\STM32L4xx_HAL_Driver\Src\stm32l4xx_hal_uart_ex.o
 .debug_ranges  0x000009e0       0x48 Src\fcu_functions.o
 .debug_ranges  0x00000a28      0x158 Src\main.o
 .debug_ranges  0x00000b80       0xa0 Src\stm32l4xx_hal_msp.o
 .debug_ranges  0x00000c20       0x18 Src\stm32l4xx_it.o
 .debug_ranges  0x00000c38       0x18 Src\system_stm32l4xx.o
 .debug_ranges  0x00000c50       0x20 startup\startup_stm32l476xx.o

.debug_line     0x00000000     0x5cdc
 .debug_line    0x00000000      0x4f2 Drivers\STM32L4xx_HAL_Driver\Src\stm32l4xx_hal.o
 .debug_line    0x000004f2      0x4d5 Drivers\STM32L4xx_HAL_Driver\Src\stm32l4xx_hal_cortex.o
 .debug_line    0x000009c7      0x587 Drivers\STM32L4xx_HAL_Driver\Src\stm32l4xx_hal_dma.o
 .debug_line    0x00000f4e      0x47c Drivers\STM32L4xx_HAL_Driver\Src\stm32l4xx_hal_gpio.o
 .debug_line    0x000013ca      0x674 Drivers\STM32L4xx_HAL_Driver\Src\stm32l4xx_hal_pwr_ex.o
 .debug_line    0x00001a3e      0x649 Drivers\STM32L4xx_HAL_Driver\Src\stm32l4xx_hal_rcc.o
 .debug_line    0x00002087      0x7c9 Drivers\STM32L4xx_HAL_Driver\Src\stm32l4xx_hal_rcc_ex.o
 .debug_line    0x00002850      0xd0b Drivers\STM32L4xx_HAL_Driver\Src\stm32l4xx_hal_spi.o
 .debug_line    0x0000355b      0xe4d Drivers\STM32L4xx_HAL_Driver\Src\stm32l4xx_hal_uart.o
 .debug_line    0x000043a8      0x400 Drivers\STM32L4xx_HAL_Driver\Src\stm32l4xx_hal_uart_ex.o
 .debug_line    0x000047a8      0x430 Src\fcu_functions.o
 .debug_line    0x00004bd8      0x778 Src\main.o
 .debug_line    0x00005350      0x37e Src\stm32l4xx_hal_msp.o
 .debug_line    0x000056ce      0x2e7 Src\stm32l4xx_it.o
 .debug_line    0x000059b5      0x2a8 Src\system_stm32l4xx.o
 .debug_line    0x00005c5d       0x7f startup\startup_stm32l476xx.o

.debug_str      0x00000000     0x3cf0
 .debug_str     0x00000000     0x1085 Drivers\STM32L4xx_HAL_Driver\Src\stm32l4xx_hal.o
                               0x1149 (size before relaxing)
 .debug_str     0x00001085      0x3c3 Drivers\STM32L4xx_HAL_Driver\Src\stm32l4xx_hal_cortex.o
                               0x1098 (size before relaxing)
 .debug_str     0x00001448      0x420 Drivers\STM32L4xx_HAL_Driver\Src\stm32l4xx_hal_dma.o
                                0xaf6 (size before relaxing)
 .debug_str     0x00001868      0x1da Drivers\STM32L4xx_HAL_Driver\Src\stm32l4xx_hal_gpio.o
                                0x9f3 (size before relaxing)
 .debug_str     0x00001a42      0x53f Drivers\STM32L4xx_HAL_Driver\Src\stm32l4xx_hal_pwr_ex.o
                                0xc83 (size before relaxing)
 .debug_str     0x00001f81      0x335 Drivers\STM32L4xx_HAL_Driver\Src\stm32l4xx_hal_rcc.o
                                0xca7 (size before relaxing)
 .debug_str     0x000022b6      0x56b Drivers\STM32L4xx_HAL_Driver\Src\stm32l4xx_hal_rcc_ex.o
                                0xf22 (size before relaxing)
 .debug_str     0x00002821      0x726 Drivers\STM32L4xx_HAL_Driver\Src\stm32l4xx_hal_spi.o
                               0x1007 (size before relaxing)
 .debug_str     0x00002f47      0x93c Drivers\STM32L4xx_HAL_Driver\Src\stm32l4xx_hal_uart.o
                               0x1448 (size before relaxing)
 .debug_str     0x00003883      0x146 Drivers\STM32L4xx_HAL_Driver\Src\stm32l4xx_hal_uart_ex.o
                                0xd1f (size before relaxing)
 .debug_str     0x000039c9       0xaa Src\fcu_functions.o
                                0xb67 (size before relaxing)
 .debug_str     0x00003a73      0x1ef Src\main.o
                               0x1ac8 (size before relaxing)
 .debug_str     0x00003c62       0x1b Src\stm32l4xx_hal_msp.o
                               0x13d2 (size before relaxing)
 .debug_str     0x00003c7d       0x38 Src\stm32l4xx_it.o
                                0xb58 (size before relaxing)
 .debug_str     0x00003cb5       0x3b Src\system_stm32l4xx.o
                                0x83b (size before relaxing)

.comment        0x00000000       0x7c
 .comment       0x00000000       0x7c Drivers\STM32L4xx_HAL_Driver\Src\stm32l4xx_hal.o
                                 0x7d (size before relaxing)
 .comment       0x0000007c       0x7d Drivers\STM32L4xx_HAL_Driver\Src\stm32l4xx_hal_cortex.o
 .comment       0x0000007c       0x7d Drivers\STM32L4xx_HAL_Driver\Src\stm32l4xx_hal_dma.o
 .comment       0x0000007c       0x7d Drivers\STM32L4xx_HAL_Driver\Src\stm32l4xx_hal_gpio.o
 .comment       0x0000007c       0x7d Drivers\STM32L4xx_HAL_Driver\Src\stm32l4xx_hal_pwr_ex.o
 .comment       0x0000007c       0x7d Drivers\STM32L4xx_HAL_Driver\Src\stm32l4xx_hal_rcc.o
 .comment       0x0000007c       0x7d Drivers\STM32L4xx_HAL_Driver\Src\stm32l4xx_hal_rcc_ex.o
 .comment       0x0000007c       0x7d Drivers\STM32L4xx_HAL_Driver\Src\stm32l4xx_hal_spi.o
 .comment       0x0000007c       0x7d Drivers\STM32L4xx_HAL_Driver\Src\stm32l4xx_hal_uart.o
 .comment       0x0000007c       0x7d Drivers\STM32L4xx_HAL_Driver\Src\stm32l4xx_hal_uart_ex.o
 .comment       0x0000007c       0x7d Src\fcu_functions.o
 .comment       0x0000007c       0x7d Src\main.o
 .comment       0x0000007c       0x7d Src\stm32l4xx_hal_msp.o
 .comment       0x0000007c       0x7d Src\stm32l4xx_it.o
 .comment       0x0000007c       0x7d Src\system_stm32l4xx.o

.debug_frame    0x00000000     0x1b20
 .debug_frame   0x00000000      0x240 Drivers\STM32L4xx_HAL_Driver\Src\stm32l4xx_hal.o
 .debug_frame   0x00000240      0x158 Drivers\STM32L4xx_HAL_Driver\Src\stm32l4xx_hal_cortex.o
 .debug_frame   0x00000398      0x140 Drivers\STM32L4xx_HAL_Driver\Src\stm32l4xx_hal_dma.o
 .debug_frame   0x000004d8       0xdc Drivers\STM32L4xx_HAL_Driver\Src\stm32l4xx_hal_gpio.o
 .debug_frame   0x000005b4      0x278 Drivers\STM32L4xx_HAL_Driver\Src\stm32l4xx_hal_pwr_ex.o
 .debug_frame   0x0000082c      0x15c Drivers\STM32L4xx_HAL_Driver\Src\stm32l4xx_hal_rcc.o
 .debug_frame   0x00000988      0x1f0 Drivers\STM32L4xx_HAL_Driver\Src\stm32l4xx_hal_rcc_ex.o
 .debug_frame   0x00000b78      0x5bc Drivers\STM32L4xx_HAL_Driver\Src\stm32l4xx_hal_spi.o
 .debug_frame   0x00001134      0x548 Drivers\STM32L4xx_HAL_Driver\Src\stm32l4xx_hal_uart.o
 .debug_frame   0x0000167c       0x9c Drivers\STM32L4xx_HAL_Driver\Src\stm32l4xx_hal_uart_ex.o
 .debug_frame   0x00001718      0x10c Src\fcu_functions.o
 .debug_frame   0x00001824      0x168 Src\main.o
 .debug_frame   0x0000198c       0x94 Src\stm32l4xx_hal_msp.o
 .debug_frame   0x00001a20       0x3c Src\stm32l4xx_it.o
 .debug_frame   0x00001a5c       0x38 Src\system_stm32l4xx.o
 .debug_frame   0x00001a94       0x2c c:/program files (x86)/atollic/truestudio for stm32 9.0.0/armtools/bin/../lib/gcc/arm-atollic-eabi/6.3.1/../../../../arm-atollic-eabi/lib/armv7e-m/fpu\libc_nano.a(lib_a-init.o)
 .debug_frame   0x00001ac0       0x2c c:/program files (x86)/atollic/truestudio for stm32 9.0.0/armtools/bin/../lib/gcc/arm-atollic-eabi/6.3.1/armv7e-m/fpu\libgcc.a(_aeabi_uldivmod.o)
 .debug_frame   0x00001aec       0x34 c:/program files (x86)/atollic/truestudio for stm32 9.0.0/armtools/bin/../lib/gcc/arm-atollic-eabi/6.3.1/armv7e-m/fpu\libgcc.a(_udivmoddi4.o)
